[2026-07-13 20:21:09] ERROR: Unhandled exception: Database connection failed. {"file":"C:\\lsiams\\app\\Core\\Database.php","line":35,"path":"/attendance/live"}
[2026-07-13 20:21:14] ERROR: Unhandled exception: Database connection failed. {"file":"C:\\lsiams\\app\\Core\\Database.php","line":35,"path":"/dashboard/data"}
[2026-07-13 20:21:16] ERROR: Unhandled exception: Database connection failed. {"file":"C:\\lsiams\\app\\Core\\Database.php","line":35,"path":"/attendance/live"}
[2026-07-13 20:21:18] ERROR: Unhandled exception: Database connection failed. {"file":"C:\\lsiams\\app\\Core\\Database.php","line":35,"path":"/notifications/data"}
[2026-07-13 20:21:20] ERROR: Unhandled exception: Database connection failed. {"file":"C:\\lsiams\\app\\Core\\Database.php","line":35,"path":"/attendance/live"}
[2026-07-13 20:21:24] ERROR: Unhandled exception: Database connection failed. {"file":"C:\\lsiams\\app\\Core\\Database.php","line":35,"path":"/attendance/live"}
[2026-07-13 20:21:29] ERROR: Unhandled exception: Database connection failed. {"file":"C:\\lsiams\\app\\Core\\Database.php","line":35,"path":"/dashboard/data"}
[2026-07-13 20:21:31] ERROR: Unhandled exception: Database connection failed. {"file":"C:\\lsiams\\app\\Core\\Database.php","line":35,"path":"/attendance/live"}
[2026-07-13 20:21:34] ERROR: Unhandled exception: Database connection failed. {"file":"C:\\lsiams\\app\\Core\\Database.php","line":35,"path":"/attendance/live"}
[2026-07-13 20:21:39] ERROR: Unhandled exception: Database connection failed. {"file":"C:\\lsiams\\app\\Core\\Database.php","line":35,"path":"/attendance/live"}
[2026-07-13 20:21:44] ERROR: Unhandled exception: Database connection failed. {"file":"C:\\lsiams\\app\\Core\\Database.php","line":35,"path":"/dashboard/data"}
[2026-07-13 20:21:46] ERROR: Unhandled exception: Database connection failed. {"file":"C:\\lsiams\\app\\Core\\Database.php","line":35,"path":"/attendance/live"}
[2026-07-13 20:21:48] ERROR: Unhandled exception: Database connection failed. {"file":"C:\\lsiams\\app\\Core\\Database.php","line":35,"path":"/notifications/data"}
[2026-07-13 20:21:50] ERROR: Unhandled exception: Database connection failed. {"file":"C:\\lsiams\\app\\Core\\Database.php","line":35,"path":"/attendance/live"}
[2026-07-13 20:21:54] ERROR: Unhandled exception: Database connection failed. {"file":"C:\\lsiams\\app\\Core\\Database.php","line":35,"path":"/attendance/live"}
[2026-07-13 20:21:59] ERROR: Unhandled exception: Database connection failed. {"file":"C:\\lsiams\\app\\Core\\Database.php","line":35,"path":"/dashboard/data"}
[2026-07-13 20:22:01] ERROR: Unhandled exception: Database connection failed. {"file":"C:\\lsiams\\app\\Core\\Database.php","line":35,"path":"/attendance/live"}
[2026-07-13 20:22:04] ERROR: Unhandled exception: Database connection failed. {"file":"C:\\lsiams\\app\\Core\\Database.php","line":35,"path":"/attendance/live"}
[2026-07-13 20:22:09] ERROR: Unhandled exception: Database connection failed. {"file":"C:\\lsiams\\app\\Core\\Database.php","line":35,"path":"/attendance/live"}
[2026-07-13 20:22:14] ERROR: Unhandled exception: Database connection failed. {"file":"C:\\lsiams\\app\\Core\\Database.php","line":35,"path":"/dashboard/data"}
[2026-07-13 20:22:16] ERROR: Unhandled exception: Database connection failed. {"file":"C:\\lsiams\\app\\Core\\Database.php","line":35,"path":"/attendance/live"}
[2026-07-13 20:22:18] ERROR: Unhandled exception: Database connection failed. {"file":"C:\\lsiams\\app\\Core\\Database.php","line":35,"path":"/notifications/data"}
[2026-07-13 20:22:20] ERROR: Unhandled exception: Database connection failed. {"file":"C:\\lsiams\\app\\Core\\Database.php","line":35,"path":"/attendance/live"}
[2026-07-13 20:22:24] ERROR: Unhandled exception: Database connection failed. {"file":"C:\\lsiams\\app\\Core\\Database.php","line":35,"path":"/attendance/live"}
[2026-07-13 20:22:29] ERROR: Unhandled exception: Database connection failed. {"file":"C:\\lsiams\\app\\Core\\Database.php","line":35,"path":"/dashboard/data"}
[2026-07-13 20:22:31] ERROR: Unhandled exception: Database connection failed. {"file":"C:\\lsiams\\app\\Core\\Database.php","line":35,"path":"/attendance/live"}
[2026-07-13 20:22:34] ERROR: Unhandled exception: Database connection failed. {"file":"C:\\lsiams\\app\\Core\\Database.php","line":35,"path":"/attendance/live"}
[2026-07-13 20:22:39] ERROR: Unhandled exception: Database connection failed. {"file":"C:\\lsiams\\app\\Core\\Database.php","line":35,"path":"/attendance/live"}
[2026-07-13 20:22:44] ERROR: Unhandled exception: Database connection failed. {"file":"C:\\lsiams\\app\\Core\\Database.php","line":35,"path":"/dashboard/data"}
[2026-07-13 20:22:46] ERROR: Unhandled exception: Database connection failed. {"file":"C:\\lsiams\\app\\Core\\Database.php","line":35,"path":"/attendance/live"}
[2026-07-13 20:22:48] ERROR: Unhandled exception: Database connection failed. {"file":"C:\\lsiams\\app\\Core\\Database.php","line":35,"path":"/notifications/data"}
[2026-07-13 20:22:50] ERROR: Unhandled exception: Database connection failed. {"file":"C:\\lsiams\\app\\Core\\Database.php","line":35,"path":"/attendance/live"}
[2026-07-13 20:22:54] ERROR: Unhandled exception: Database connection failed. {"file":"C:\\lsiams\\app\\Core\\Database.php","line":35,"path":"/attendance/live"}
[2026-07-13 20:22:59] ERROR: Unhandled exception: Database connection failed. {"file":"C:\\lsiams\\app\\Core\\Database.php","line":35,"path":"/dashboard/data"}
[2026-07-13 20:23:01] ERROR: Unhandled exception: Database connection failed. {"file":"C:\\lsiams\\app\\Core\\Database.php","line":35,"path":"/attendance/live"}
[2026-07-13 20:23:04] ERROR: Unhandled exception: Database connection failed. {"file":"C:\\lsiams\\app\\Core\\Database.php","line":35,"path":"/attendance/live"}
[2026-07-13 20:23:09] ERROR: Unhandled exception: Database connection failed. {"file":"C:\\lsiams\\app\\Core\\Database.php","line":35,"path":"/attendance/live"}
[2026-07-13 20:23:14] ERROR: Unhandled exception: Database connection failed. {"file":"C:\\lsiams\\app\\Core\\Database.php","line":35,"path":"/dashboard/data"}
[2026-07-13 20:23:16] ERROR: Unhandled exception: Database connection failed. {"file":"C:\\lsiams\\app\\Core\\Database.php","line":35,"path":"/attendance/live"}
[2026-07-13 20:23:18] ERROR: Unhandled exception: Database connection failed. {"file":"C:\\lsiams\\app\\Core\\Database.php","line":35,"path":"/notifications/data"}
[2026-07-13 20:23:20] ERROR: Unhandled exception: Database connection failed. {"file":"C:\\lsiams\\app\\Core\\Database.php","line":35,"path":"/attendance/live"}
[2026-07-13 20:23:24] ERROR: Unhandled exception: Database connection failed. {"file":"C:\\lsiams\\app\\Core\\Database.php","line":35,"path":"/attendance/live"}
[2026-07-13 20:23:29] ERROR: Unhandled exception: Database connection failed. {"file":"C:\\lsiams\\app\\Core\\Database.php","line":35,"path":"/dashboard/data"}
[2026-07-13 20:23:31] ERROR: Unhandled exception: Database connection failed. {"file":"C:\\lsiams\\app\\Core\\Database.php","line":35,"path":"/attendance/live"}
[2026-07-13 20:23:34] ERROR: Unhandled exception: Database connection failed. {"file":"C:\\lsiams\\app\\Core\\Database.php","line":35,"path":"/attendance/live"}
[2026-07-13 20:23:39] ERROR: Unhandled exception: Database connection failed. {"file":"C:\\lsiams\\app\\Core\\Database.php","line":35,"path":"/attendance/live"}
[2026-07-13 20:23:44] ERROR: Unhandled exception: Database connection failed. {"file":"C:\\lsiams\\app\\Core\\Database.php","line":35,"path":"/dashboard/data"}
[2026-07-13 20:23:46] ERROR: Unhandled exception: Database connection failed. {"file":"C:\\lsiams\\app\\Core\\Database.php","line":35,"path":"/attendance/live"}
[2026-07-13 20:23:48] ERROR: Unhandled exception: Database connection failed. {"file":"C:\\lsiams\\app\\Core\\Database.php","line":35,"path":"/notifications/data"}
[2026-07-13 20:23:50] ERROR: Unhandled exception: Database connection failed. {"file":"C:\\lsiams\\app\\Core\\Database.php","line":35,"path":"/attendance/live"}
[2026-07-13 20:23:52] ERROR: Unhandled exception: Database connection failed. {"file":"C:\\lsiams\\app\\Core\\Database.php","line":35,"path":"/attendance"}
[2026-07-13 20:23:54] ERROR: Unhandled exception: Database connection failed. {"file":"C:\\lsiams\\app\\Core\\Database.php","line":35,"path":"/attendance/live"}
[2026-07-13 20:24:13] ERROR: Unhandled exception: Database connection failed. {"file":"C:\\lsiams\\app\\Core\\Database.php","line":35,"path":"/dashboard/data"}
[2026-07-13 20:24:15] ERROR: Unhandled exception: Database connection failed. {"file":"C:\\lsiams\\app\\Core\\Database.php","line":35,"path":"/attendance/live"}
[2026-07-13 20:24:17] ERROR: Unhandled exception: Database connection failed. {"file":"C:\\lsiams\\app\\Core\\Database.php","line":35,"path":"/notifications/data"}
[2026-07-13 20:24:19] ERROR: Unhandled exception: Database connection failed. {"file":"C:\\lsiams\\app\\Core\\Database.php","line":35,"path":"/teachers"}
[2026-07-13 20:24:21] ERROR: Unhandled exception: Database connection failed. {"file":"C:\\lsiams\\app\\Core\\Database.php","line":35,"path":"/teachers"}
[2026-07-13 20:24:24] ERROR: Unhandled exception: Database connection failed. {"file":"C:\\lsiams\\app\\Core\\Database.php","line":35,"path":"/attendance/live"}
[2026-07-13 20:24:30] ERROR: Unhandled exception: Database connection failed. {"file":"C:\\lsiams\\app\\Core\\Database.php","line":35,"path":"/teachers"}
[2026-07-13 20:24:36] ERROR: Unhandled exception: Database connection failed. {"file":"C:\\lsiams\\app\\Core\\Database.php","line":35,"path":"/dashboard/data"}
[2026-07-13 20:24:38] ERROR: Unhandled exception: Database connection failed. {"file":"C:\\lsiams\\app\\Core\\Database.php","line":35,"path":"/attendance/live"}
[2026-07-13 20:24:40] ERROR: Unhandled exception: Database connection failed. {"file":"C:\\lsiams\\app\\Core\\Database.php","line":35,"path":"/notifications/data"}
[2026-07-13 20:24:42] ERROR: Unhandled exception: Database connection failed. {"file":"C:\\lsiams\\app\\Core\\Database.php","line":35,"path":"/attendance"}
[2026-07-13 20:24:44] ERROR: Unhandled exception: Database connection failed. {"file":"C:\\lsiams\\app\\Core\\Database.php","line":35,"path":"/attendance"}
[2026-07-13 20:24:46] ERROR: Unhandled exception: Database connection failed. {"file":"C:\\lsiams\\app\\Core\\Database.php","line":35,"path":"/attendance/live"}
[2026-07-13 20:24:51] ERROR: Unhandled exception: Database connection failed. {"file":"C:\\lsiams\\app\\Core\\Database.php","line":35,"path":"/dashboard/data"}
[2026-07-13 20:24:53] ERROR: Unhandled exception: Database connection failed. {"file":"C:\\lsiams\\app\\Core\\Database.php","line":35,"path":"/attendance/live"}
[2026-07-13 20:24:55] ERROR: Unhandled exception: Database connection failed. {"file":"C:\\lsiams\\app\\Core\\Database.php","line":35,"path":"/notifications/data"}
[2026-07-13 20:24:57] ERROR: Unhandled exception: Database connection failed. {"file":"C:\\lsiams\\app\\Core\\Database.php","line":35,"path":"/attendance/live"}
[2026-07-13 20:24:59] ERROR: Unhandled exception: Database connection failed. {"file":"C:\\lsiams\\app\\Core\\Database.php","line":35,"path":"/students"}
[2026-07-13 20:25:01] ERROR: Unhandled exception: Database connection failed. {"file":"C:\\lsiams\\app\\Core\\Database.php","line":35,"path":"/attendance/live"}
[2026-07-13 20:25:09] ERROR: Unhandled exception: Database connection failed. {"file":"C:\\lsiams\\app\\Core\\Database.php","line":35,"path":"/dashboard/data"}
[2026-07-13 20:25:12] ERROR: Unhandled exception: Database connection failed. {"file":"C:\\lsiams\\app\\Core\\Database.php","line":35,"path":"/attendance/live"}
[2026-07-13 20:25:14] ERROR: Unhandled exception: Database connection failed. {"file":"C:\\lsiams\\app\\Core\\Database.php","line":35,"path":"/notifications/data"}
[2026-07-13 20:25:16] ERROR: Audit log write failed: Database connection failed. 
[2026-07-13 20:25:29] ERROR: Unhandled exception: Database connection failed. {"file":"C:\\lsiams\\app\\Core\\Database.php","line":35,"path":"/login"}
[2026-07-13 20:25:46] ERROR: Unhandled exception: Database connection failed. {"file":"C:\\lsiams\\app\\Core\\Database.php","line":35,"path":"/login"}
[2026-07-13 20:26:16] ERROR: Unhandled exception: Database connection failed. {"file":"C:\\lsiams\\app\\Core\\Database.php","line":35,"path":"/login"}
[2026-07-13 20:26:18] ERROR: Unhandled exception: Database connection failed. {"file":"C:\\lsiams\\app\\Core\\Database.php","line":35,"path":"/login"}
[2026-07-13 20:26:20] ERROR: Unhandled exception: Database connection failed. {"file":"C:\\lsiams\\app\\Core\\Database.php","line":35,"path":"/login"}
[2026-07-13 20:26:22] ERROR: Unhandled exception: Database connection failed. {"file":"C:\\lsiams\\app\\Core\\Database.php","line":35,"path":"/login"}
[2026-07-13 20:26:57] ERROR: Unhandled exception: Database connection failed. {"file":"C:\\lsiams\\app\\Core\\Database.php","line":35,"path":"/login"}
[2026-07-13 20:26:59] ERROR: Unhandled exception: Database connection failed. {"file":"C:\\lsiams\\app\\Core\\Database.php","line":35,"path":"/login"}
[2026-07-13 20:27:01] ERROR: Unhandled exception: Database connection failed. {"file":"C:\\lsiams\\app\\Core\\Database.php","line":35,"path":"/login"}
