[2026-08-09 01:29:26] realtime.ERROR: Undefined array key 79 {"path":"/","method":"GET","ip":"0.0.0.0","user":null,"exception":"ErrorException","file":"C:\\L-SIAMS-main\\realtime\\server.php","line":307,"trace":["#0 C:\\L-SIAMS-main\\realtime\\server.php(307): App\\Core\\App::App\\Core\\{closure}(2, 'Undefined array...', 'C:\\\\L-SIAMS-main...', 307)","#1 C:\\L-SIAMS-main\\realtime\\server.php(211): WebSocketServer->attemptHandshake(79)","#2 C:\\L-SIAMS-main\\realtime\\server.php(112): WebSocketServer->readClients()","#3 C:\\L-SIAMS-main\\realtime\\server.php(645): WebSocketServer->run()","#4 {main}"]}
[2026-08-09 02:06:47] realtime.ERROR: Query failed {"sql":"SELECT event_id, channel, payload FROM realtime_events WHERE event_id > :since ORDER BY event_id ASC LIMIT 200","code":"HY000","error":"SQLSTATE[HY000]: General error: 2006 MySQL server has gone away"}
[2026-08-09 02:06:47] realtime.ERROR: Realtime dispatch query failed {"error":"SQLSTATE[HY000]: General error: 2006 MySQL server has gone away"}
[2026-08-09 02:06:47] realtime.ERROR: Query failed {"sql":"SELECT COALESCE(MAX(event_id), 0) FROM realtime_events","code":"HY000","error":"SQLSTATE[HY000]: General error: 2006 MySQL server has gone away"}
[2026-08-09 02:06:47] realtime.ERROR: Query failed {"sql":"SELECT event_id, channel, payload FROM realtime_events WHERE event_id > :since ORDER BY event_id ASC LIMIT 200","code":"HY000","error":"SQLSTATE[HY000]: General error: 2006 MySQL server has gone away"}
[2026-08-09 02:06:47] realtime.ERROR: Realtime dispatch query failed {"error":"SQLSTATE[HY000]: General error: 2006 MySQL server has gone away"}
[2026-08-09 02:06:48] realtime.ERROR: Query failed {"sql":"SELECT event_id, channel, payload FROM realtime_events WHERE event_id > :since ORDER BY event_id ASC LIMIT 200","code":"HY000","error":"SQLSTATE[HY000]: General error: 2006 MySQL server has gone away"}
[2026-08-09 02:06:48] realtime.ERROR: Realtime dispatch query failed {"error":"SQLSTATE[HY000]: General error: 2006 MySQL server has gone away"}
[2026-08-09 02:06:48] realtime.ERROR: SQLSTATE[HY000]: General error: 2006 MySQL server has gone away {"path":"/","method":"GET","ip":"0.0.0.0","user":null,"exception":"PDOException","file":"C:\\L-SIAMS-main\\app\\Core\\Database.php","line":152,"trace":["#0 C:\\L-SIAMS-main\\app\\Core\\Database.php(152): PDO->prepare('SELECT COALESCE...')","#1 C:\\L-SIAMS-main\\app\\Core\\Database.php(292): App\\Core\\Database->query('SELECT COALESCE...', Array)","#2 C:\\L-SIAMS-main\\realtime\\server.php(410): App\\Core\\Database->scalar('SELECT COALESCE...')","#3 C:\\L-SIAMS-main\\realtime\\server.php(113): WebSocketServer->dispatchEvents()","#4 C:\\L-SIAMS-main\\realtime\\server.php(645): WebSocketServer->run()","#5 {main}"]}
[2026-08-09 02:06:48] realtime.ERROR: Query failed {"sql":"SELECT event_id, channel, payload FROM realtime_events WHERE event_id > :since ORDER BY event_id ASC LIMIT 200","code":"HY000","error":"SQLSTATE[HY000]: General error: 2006 MySQL server has gone away"}
[2026-08-09 02:06:48] realtime.ERROR: Realtime dispatch query failed {"error":"SQLSTATE[HY000]: General error: 2006 MySQL server has gone away"}
[2026-08-09 02:06:48] realtime.ERROR: Query failed {"sql":"SELECT event_id, channel, payload FROM realtime_events WHERE event_id > :since ORDER BY event_id ASC LIMIT 200","code":"HY000","error":"SQLSTATE[HY000]: General error: 2006 MySQL server has gone away"}
[2026-08-09 02:06:48] realtime.ERROR: Realtime dispatch query failed {"error":"SQLSTATE[HY000]: General error: 2006 MySQL server has gone away"}
[2026-08-09 02:06:49] realtime.ERROR: Query failed {"sql":"SELECT event_id, channel, payload FROM realtime_events WHERE event_id > :since ORDER BY event_id ASC LIMIT 200","code":"HY000","error":"SQLSTATE[HY000]: General error: 2006 MySQL server has gone away"}
[2026-08-09 02:06:49] realtime.ERROR: Realtime dispatch query failed {"error":"SQLSTATE[HY000]: General error: 2006 MySQL server has gone away"}
[2026-08-09 02:06:49] realtime.ERROR: Query failed {"sql":"SELECT event_id, channel, payload FROM realtime_events WHERE event_id > :since ORDER BY event_id ASC LIMIT 200","code":"HY000","error":"SQLSTATE[HY000]: General error: 2006 MySQL server has gone away"}
[2026-08-09 02:06:49] realtime.ERROR: Realtime dispatch query failed {"error":"SQLSTATE[HY000]: General error: 2006 MySQL server has gone away"}
[2026-08-09 02:06:49] realtime.ERROR: Query failed {"sql":"SELECT event_id, channel, payload FROM realtime_events WHERE event_id > :since ORDER BY event_id ASC LIMIT 200","code":"HY000","error":"SQLSTATE[HY000]: General error: 2006 MySQL server has gone away"}
[2026-08-09 02:06:49] realtime.ERROR: Realtime dispatch query failed {"error":"SQLSTATE[HY000]: General error: 2006 MySQL server has gone away"}
[2026-08-09 02:06:49] realtime.ERROR: Query failed {"sql":"SELECT event_id, channel, payload FROM realtime_events WHERE event_id > :since ORDER BY event_id ASC LIMIT 200","code":"HY000","error":"SQLSTATE[HY000]: General error: 2006 MySQL server has gone away"}
[2026-08-09 02:06:49] realtime.ERROR: Realtime dispatch query failed {"error":"SQLSTATE[HY000]: General error: 2006 MySQL server has gone away"}
[2026-08-09 02:06:50] realtime.ERROR: Query failed {"sql":"SELECT event_id, channel, payload FROM realtime_events WHERE event_id > :since ORDER BY event_id ASC LIMIT 200","code":"HY000","error":"SQLSTATE[HY000]: General error: 2006 MySQL server has gone away"}
[2026-08-09 02:06:50] realtime.ERROR: Realtime dispatch query failed {"error":"SQLSTATE[HY000]: General error: 2006 MySQL server has gone away"}
[2026-08-09 02:06:50] realtime.ERROR: Query failed {"sql":"SELECT event_id, channel, payload FROM realtime_events WHERE event_id > :since ORDER BY event_id ASC LIMIT 200","code":"HY000","error":"SQLSTATE[HY000]: General error: 2006 MySQL server has gone away"}
[2026-08-09 02:06:50] realtime.ERROR: Realtime dispatch query failed {"error":"SQLSTATE[HY000]: General error: 2006 MySQL server has gone away"}
[2026-08-09 02:06:50] realtime.ERROR: Query failed {"sql":"SELECT event_id, channel, payload FROM realtime_events WHERE event_id > :since ORDER BY event_id ASC LIMIT 200","code":"HY000","error":"SQLSTATE[HY000]: General error: 2006 MySQL server has gone away"}
[2026-08-09 02:06:50] realtime.ERROR: Realtime dispatch query failed {"error":"SQLSTATE[HY000]: General error: 2006 MySQL server has gone away"}
[2026-08-09 02:06:50] realtime.ERROR: Query failed {"sql":"SELECT event_id, channel, payload FROM realtime_events WHERE event_id > :since ORDER BY event_id ASC LIMIT 200","code":"HY000","error":"SQLSTATE[HY000]: General error: 2006 MySQL server has gone away"}
[2026-08-09 02:06:50] realtime.ERROR: Realtime dispatch query failed {"error":"SQLSTATE[HY000]: General error: 2006 MySQL server has gone away"}
[2026-08-09 02:06:51] realtime.ERROR: Query failed {"sql":"SELECT event_id, channel, payload FROM realtime_events WHERE event_id > :since ORDER BY event_id ASC LIMIT 200","code":"HY000","error":"SQLSTATE[HY000]: General error: 2006 MySQL server has gone away"}
[2026-08-09 02:06:51] realtime.ERROR: Realtime dispatch query failed {"error":"SQLSTATE[HY000]: General error: 2006 MySQL server has gone away"}
[2026-08-09 02:06:51] realtime.ERROR: Query failed {"sql":"SELECT event_id, channel, payload FROM realtime_events WHERE event_id > :since ORDER BY event_id ASC LIMIT 200","code":"HY000","error":"SQLSTATE[HY000]: General error: 2006 MySQL server has gone away"}
[2026-08-09 02:06:51] realtime.ERROR: Realtime dispatch query failed {"error":"SQLSTATE[HY000]: General error: 2006 MySQL server has gone away"}
[2026-08-09 02:06:51] realtime.ERROR: Query failed {"sql":"SELECT event_id, channel, payload FROM realtime_events WHERE event_id > :since ORDER BY event_id ASC LIMIT 200","code":"HY000","error":"SQLSTATE[HY000]: General error: 2006 MySQL server has gone away"}
[2026-08-09 02:06:51] realtime.ERROR: Realtime dispatch query failed {"error":"SQLSTATE[HY000]: General error: 2006 MySQL server has gone away"}
[2026-08-09 02:06:51] realtime.ERROR: Query failed {"sql":"SELECT event_id, channel, payload FROM realtime_events WHERE event_id > :since ORDER BY event_id ASC LIMIT 200","code":"HY000","error":"SQLSTATE[HY000]: General error: 2006 MySQL server has gone away"}
[2026-08-09 02:06:51] realtime.ERROR: Realtime dispatch query failed {"error":"SQLSTATE[HY000]: General error: 2006 MySQL server has gone away"}
[2026-08-09 02:06:52] realtime.ERROR: Query failed {"sql":"SELECT event_id, channel, payload FROM realtime_events WHERE event_id > :since ORDER BY event_id ASC LIMIT 200","code":"HY000","error":"SQLSTATE[HY000]: General error: 2006 MySQL server has gone away"}
[2026-08-09 02:06:52] realtime.ERROR: Realtime dispatch query failed {"error":"SQLSTATE[HY000]: General error: 2006 MySQL server has gone away"}
[2026-08-09 02:06:52] realtime.ERROR: Query failed {"sql":"SELECT event_id, channel, payload FROM realtime_events WHERE event_id > :since ORDER BY event_id ASC LIMIT 200","code":"HY000","error":"SQLSTATE[HY000]: General error: 2006 MySQL server has gone away"}
[2026-08-09 02:06:52] realtime.ERROR: Realtime dispatch query failed {"error":"SQLSTATE[HY000]: General error: 2006 MySQL server has gone away"}
[2026-08-09 02:06:52] realtime.ERROR: Query failed {"sql":"SELECT event_id, channel, payload FROM realtime_events WHERE event_id > :since ORDER BY event_id ASC LIMIT 200","code":"HY000","error":"SQLSTATE[HY000]: General error: 2006 MySQL server has gone away"}
[2026-08-09 02:06:52] realtime.ERROR: Realtime dispatch query failed {"error":"SQLSTATE[HY000]: General error: 2006 MySQL server has gone away"}
[2026-08-09 02:06:52] realtime.ERROR: Query failed {"sql":"SELECT event_id, channel, payload FROM realtime_events WHERE event_id > :since ORDER BY event_id ASC LIMIT 200","code":"HY000","error":"SQLSTATE[HY000]: General error: 2006 MySQL server has gone away"}
[2026-08-09 02:06:52] realtime.ERROR: Realtime dispatch query failed {"error":"SQLSTATE[HY000]: General error: 2006 MySQL server has gone away"}
[2026-08-09 02:06:53] realtime.ERROR: Query failed {"sql":"SELECT event_id, channel, payload FROM realtime_events WHERE event_id > :since ORDER BY event_id ASC LIMIT 200","code":"HY000","error":"SQLSTATE[HY000]: General error: 2006 MySQL server has gone away"}
[2026-08-09 02:06:53] realtime.ERROR: Realtime dispatch query failed {"error":"SQLSTATE[HY000]: General error: 2006 MySQL server has gone away"}
[2026-08-09 02:06:53] realtime.ERROR: Query failed {"sql":"SELECT event_id, channel, payload FROM realtime_events WHERE event_id > :since ORDER BY event_id ASC LIMIT 200","code":"HY000","error":"SQLSTATE[HY000]: General error: 2006 MySQL server has gone away"}
[2026-08-09 02:06:53] realtime.ERROR: Realtime dispatch query failed {"error":"SQLSTATE[HY000]: General error: 2006 MySQL server has gone away"}
[2026-08-09 02:06:53] realtime.ERROR: Query failed {"sql":"SELECT event_id, channel, payload FROM realtime_events WHERE event_id > :since ORDER BY event_id ASC LIMIT 200","code":"HY000","error":"SQLSTATE[HY000]: General error: 2006 MySQL server has gone away"}
[2026-08-09 02:06:53] realtime.ERROR: Realtime dispatch query failed {"error":"SQLSTATE[HY000]: General error: 2006 MySQL server has gone away"}
[2026-08-09 02:06:53] realtime.ERROR: Query failed {"sql":"SELECT event_id, channel, payload FROM realtime_events WHERE event_id > :since ORDER BY event_id ASC LIMIT 200","code":"HY000","error":"SQLSTATE[HY000]: General error: 2006 MySQL server has gone away"}
[2026-08-09 02:06:53] realtime.ERROR: Realtime dispatch query failed {"error":"SQLSTATE[HY000]: General error: 2006 MySQL server has gone away"}
[2026-08-09 02:06:54] realtime.ERROR: Query failed {"sql":"SELECT event_id, channel, payload FROM realtime_events WHERE event_id > :since ORDER BY event_id ASC LIMIT 200","code":"HY000","error":"SQLSTATE[HY000]: General error: 2006 MySQL server has gone away"}
[2026-08-09 02:06:54] realtime.ERROR: Realtime dispatch query failed {"error":"SQLSTATE[HY000]: General error: 2006 MySQL server has gone away"}
[2026-08-09 02:06:54] realtime.ERROR: Query failed {"sql":"SELECT event_id, channel, payload FROM realtime_events WHERE event_id > :since ORDER BY event_id ASC LIMIT 200","code":"HY000","error":"SQLSTATE[HY000]: General error: 2006 MySQL server has gone away"}
[2026-08-09 02:06:54] realtime.ERROR: Realtime dispatch query failed {"error":"SQLSTATE[HY000]: General error: 2006 MySQL server has gone away"}
[2026-08-09 02:06:54] realtime.ERROR: Query failed {"sql":"SELECT event_id, channel, payload FROM realtime_events WHERE event_id > :since ORDER BY event_id ASC LIMIT 200","code":"HY000","error":"SQLSTATE[HY000]: General error: 2006 MySQL server has gone away"}
[2026-08-09 02:06:54] realtime.ERROR: Realtime dispatch query failed {"error":"SQLSTATE[HY000]: General error: 2006 MySQL server has gone away"}
[2026-08-09 02:06:54] realtime.ERROR: Query failed {"sql":"SELECT event_id, channel, payload FROM realtime_events WHERE event_id > :since ORDER BY event_id ASC LIMIT 200","code":"HY000","error":"SQLSTATE[HY000]: General error: 2006 MySQL server has gone away"}
[2026-08-09 02:06:54] realtime.ERROR: Realtime dispatch query failed {"error":"SQLSTATE[HY000]: General error: 2006 MySQL server has gone away"}
[2026-08-09 02:06:55] realtime.ERROR: Query failed {"sql":"SELECT event_id, channel, payload FROM realtime_events WHERE event_id > :since ORDER BY event_id ASC LIMIT 200","code":"HY000","error":"SQLSTATE[HY000]: General error: 2006 MySQL server has gone away"}
[2026-08-09 02:06:55] realtime.ERROR: Realtime dispatch query failed {"error":"SQLSTATE[HY000]: General error: 2006 MySQL server has gone away"}
[2026-08-09 02:06:55] realtime.ERROR: Query failed {"sql":"SELECT event_id, channel, payload FROM realtime_events WHERE event_id > :since ORDER BY event_id ASC LIMIT 200","code":"HY000","error":"SQLSTATE[HY000]: General error: 2006 MySQL server has gone away"}
[2026-08-09 02:06:55] realtime.ERROR: Realtime dispatch query failed {"error":"SQLSTATE[HY000]: General error: 2006 MySQL server has gone away"}
[2026-08-09 02:06:55] realtime.ERROR: Query failed {"sql":"SELECT event_id, channel, payload FROM realtime_events WHERE event_id > :since ORDER BY event_id ASC LIMIT 200","code":"HY000","error":"SQLSTATE[HY000]: General error: 2006 MySQL server has gone away"}
[2026-08-09 02:06:55] realtime.ERROR: Realtime dispatch query failed {"error":"SQLSTATE[HY000]: General error: 2006 MySQL server has gone away"}
[2026-08-09 02:06:56] realtime.ERROR: Query failed {"sql":"SELECT event_id, channel, payload FROM realtime_events WHERE event_id > :since ORDER BY event_id ASC LIMIT 200","code":"HY000","error":"SQLSTATE[HY000]: General error: 2006 MySQL server has gone away"}
[2026-08-09 02:06:56] realtime.ERROR: Realtime dispatch query failed {"error":"SQLSTATE[HY000]: General error: 2006 MySQL server has gone away"}
[2026-08-09 02:06:56] realtime.ERROR: Query failed {"sql":"SELECT event_id, channel, payload FROM realtime_events WHERE event_id > :since ORDER BY event_id ASC LIMIT 200","code":"HY000","error":"SQLSTATE[HY000]: General error: 2006 MySQL server has gone away"}
[2026-08-09 02:06:56] realtime.ERROR: Realtime dispatch query failed {"error":"SQLSTATE[HY000]: General error: 2006 MySQL server has gone away"}
[2026-08-09 02:06:56] realtime.ERROR: Query failed {"sql":"SELECT event_id, channel, payload FROM realtime_events WHERE event_id > :since ORDER BY event_id ASC LIMIT 200","code":"HY000","error":"SQLSTATE[HY000]: General error: 2006 MySQL server has gone away"}
[2026-08-09 02:06:56] realtime.ERROR: Realtime dispatch query failed {"error":"SQLSTATE[HY000]: General error: 2006 MySQL server has gone away"}
[2026-08-09 02:06:56] realtime.ERROR: Query failed {"sql":"SELECT event_id, channel, payload FROM realtime_events WHERE event_id > :since ORDER BY event_id ASC LIMIT 200","code":"HY000","error":"SQLSTATE[HY000]: General error: 2006 MySQL server has gone away"}
[2026-08-09 02:06:56] realtime.ERROR: Realtime dispatch query failed {"error":"SQLSTATE[HY000]: General error: 2006 MySQL server has gone away"}
[2026-08-09 02:06:57] realtime.ERROR: Query failed {"sql":"SELECT event_id, channel, payload FROM realtime_events WHERE event_id > :since ORDER BY event_id ASC LIMIT 200","code":"HY000","error":"SQLSTATE[HY000]: General error: 2006 MySQL server has gone away"}
[2026-08-09 02:06:57] realtime.ERROR: Realtime dispatch query failed {"error":"SQLSTATE[HY000]: General error: 2006 MySQL server has gone away"}
[2026-08-09 02:06:57] realtime.ERROR: Query failed {"sql":"SELECT event_id, channel, payload FROM realtime_events WHERE event_id > :since ORDER BY event_id ASC LIMIT 200","code":"HY000","error":"SQLSTATE[HY000]: General error: 2006 MySQL server has gone away"}
[2026-08-09 02:06:57] realtime.ERROR: Realtime dispatch query failed {"error":"SQLSTATE[HY000]: General error: 2006 MySQL server has gone away"}
[2026-08-09 02:06:57] realtime.ERROR: Query failed {"sql":"SELECT event_id, channel, payload FROM realtime_events WHERE event_id > :since ORDER BY event_id ASC LIMIT 200","code":"HY000","error":"SQLSTATE[HY000]: General error: 2006 MySQL server has gone away"}
[2026-08-09 02:06:57] realtime.ERROR: Realtime dispatch query failed {"error":"SQLSTATE[HY000]: General error: 2006 MySQL server has gone away"}
[2026-08-09 02:06:57] realtime.ERROR: Query failed {"sql":"SELECT event_id, channel, payload FROM realtime_events WHERE event_id > :since ORDER BY event_id ASC LIMIT 200","code":"HY000","error":"SQLSTATE[HY000]: General error: 2006 MySQL server has gone away"}
[2026-08-09 02:06:57] realtime.ERROR: Realtime dispatch query failed {"error":"SQLSTATE[HY000]: General error: 2006 MySQL server has gone away"}
[2026-08-09 02:06:58] realtime.ERROR: Query failed {"sql":"SELECT event_id, channel, payload FROM realtime_events WHERE event_id > :since ORDER BY event_id ASC LIMIT 200","code":"HY000","error":"SQLSTATE[HY000]: General error: 2006 MySQL server has gone away"}
[2026-08-09 02:06:58] realtime.ERROR: Realtime dispatch query failed {"error":"SQLSTATE[HY000]: General error: 2006 MySQL server has gone away"}
[2026-08-09 02:06:58] realtime.ERROR: Query failed {"sql":"SELECT event_id, channel, payload FROM realtime_events WHERE event_id > :since ORDER BY event_id ASC LIMIT 200","code":"HY000","error":"SQLSTATE[HY000]: General error: 2006 MySQL server has gone away"}
[2026-08-09 02:06:58] realtime.ERROR: Realtime dispatch query failed {"error":"SQLSTATE[HY000]: General error: 2006 MySQL server has gone away"}
[2026-08-09 02:06:58] realtime.ERROR: Query failed {"sql":"SELECT event_id, channel, payload FROM realtime_events WHERE event_id > :since ORDER BY event_id ASC LIMIT 200","code":"HY000","error":"SQLSTATE[HY000]: General error: 2006 MySQL server has gone away"}
[2026-08-09 02:06:58] realtime.ERROR: Realtime dispatch query failed {"error":"SQLSTATE[HY000]: General error: 2006 MySQL server has gone away"}
[2026-08-09 02:06:58] realtime.ERROR: Query failed {"sql":"SELECT event_id, channel, payload FROM realtime_events WHERE event_id > :since ORDER BY event_id ASC LIMIT 200","code":"HY000","error":"SQLSTATE[HY000]: General error: 2006 MySQL server has gone away"}
[2026-08-09 02:06:58] realtime.ERROR: Realtime dispatch query failed {"error":"SQLSTATE[HY000]: General error: 2006 MySQL server has gone away"}
[2026-08-09 02:06:59] realtime.ERROR: Query failed {"sql":"SELECT event_id, channel, payload FROM realtime_events WHERE event_id > :since ORDER BY event_id ASC LIMIT 200","code":"HY000","error":"SQLSTATE[HY000]: General error: 2006 MySQL server has gone away"}
[2026-08-09 02:06:59] realtime.ERROR: Realtime dispatch query failed {"error":"SQLSTATE[HY000]: General error: 2006 MySQL server has gone away"}
[2026-08-09 02:06:59] realtime.ERROR: Query failed {"sql":"SELECT event_id, channel, payload FROM realtime_events WHERE event_id > :since ORDER BY event_id ASC LIMIT 200","code":"HY000","error":"SQLSTATE[HY000]: General error: 2006 MySQL server has gone away"}
[2026-08-09 02:06:59] realtime.ERROR: Realtime dispatch query failed {"error":"SQLSTATE[HY000]: General error: 2006 MySQL server has gone away"}
[2026-08-09 02:06:59] realtime.ERROR: Query failed {"sql":"SELECT event_id, channel, payload FROM realtime_events WHERE event_id > :since ORDER BY event_id ASC LIMIT 200","code":"HY000","error":"SQLSTATE[HY000]: General error: 2006 MySQL server has gone away"}
[2026-08-09 02:06:59] realtime.ERROR: Realtime dispatch query failed {"error":"SQLSTATE[HY000]: General error: 2006 MySQL server has gone away"}
[2026-08-09 02:06:59] realtime.ERROR: Query failed {"sql":"SELECT event_id, channel, payload FROM realtime_events WHERE event_id > :since ORDER BY event_id ASC LIMIT 200","code":"HY000","error":"SQLSTATE[HY000]: General error: 2006 MySQL server has gone away"}
[2026-08-09 02:06:59] realtime.ERROR: Realtime dispatch query failed {"error":"SQLSTATE[HY000]: General error: 2006 MySQL server has gone away"}
[2026-08-09 02:07:00] realtime.ERROR: Query failed {"sql":"SELECT event_id, channel, payload FROM realtime_events WHERE event_id > :since ORDER BY event_id ASC LIMIT 200","code":"HY000","error":"SQLSTATE[HY000]: General error: 2006 MySQL server has gone away"}
[2026-08-09 02:07:00] realtime.ERROR: Realtime dispatch query failed {"error":"SQLSTATE[HY000]: General error: 2006 MySQL server has gone away"}
[2026-08-09 02:07:00] realtime.ERROR: Query failed {"sql":"SELECT event_id, channel, payload FROM realtime_events WHERE event_id > :since ORDER BY event_id ASC LIMIT 200","code":"HY000","error":"SQLSTATE[HY000]: General error: 2006 MySQL server has gone away"}
[2026-08-09 02:07:00] realtime.ERROR: Realtime dispatch query failed {"error":"SQLSTATE[HY000]: General error: 2006 MySQL server has gone away"}
[2026-08-09 02:07:00] realtime.ERROR: Query failed {"sql":"SELECT event_id, channel, payload FROM realtime_events WHERE event_id > :since ORDER BY event_id ASC LIMIT 200","code":"HY000","error":"SQLSTATE[HY000]: General error: 2006 MySQL server has gone away"}
[2026-08-09 02:07:00] realtime.ERROR: Realtime dispatch query failed {"error":"SQLSTATE[HY000]: General error: 2006 MySQL server has gone away"}
[2026-08-09 02:07:00] realtime.ERROR: Query failed {"sql":"SELECT event_id, channel, payload FROM realtime_events WHERE event_id > :since ORDER BY event_id ASC LIMIT 200","code":"HY000","error":"SQLSTATE[HY000]: General error: 2006 MySQL server has gone away"}
[2026-08-09 02:07:00] realtime.ERROR: Realtime dispatch query failed {"error":"SQLSTATE[HY000]: General error: 2006 MySQL server has gone away"}
[2026-08-09 02:07:01] realtime.ERROR: Query failed {"sql":"SELECT event_id, channel, payload FROM realtime_events WHERE event_id > :since ORDER BY event_id ASC LIMIT 200","code":"HY000","error":"SQLSTATE[HY000]: General error: 2006 MySQL server has gone away"}
[2026-08-09 02:07:01] realtime.ERROR: Realtime dispatch query failed {"error":"SQLSTATE[HY000]: General error: 2006 MySQL server has gone away"}
[2026-08-09 02:07:01] realtime.ERROR: Query failed {"sql":"SELECT event_id, channel, payload FROM realtime_events WHERE event_id > :since ORDER BY event_id ASC LIMIT 200","code":"HY000","error":"SQLSTATE[HY000]: General error: 2006 MySQL server has gone away"}
[2026-08-09 02:07:01] realtime.ERROR: Realtime dispatch query failed {"error":"SQLSTATE[HY000]: General error: 2006 MySQL server has gone away"}
[2026-08-09 02:07:01] realtime.ERROR: Query failed {"sql":"SELECT event_id, channel, payload FROM realtime_events WHERE event_id > :since ORDER BY event_id ASC LIMIT 200","code":"HY000","error":"SQLSTATE[HY000]: General error: 2006 MySQL server has gone away"}
[2026-08-09 02:07:01] realtime.ERROR: Realtime dispatch query failed {"error":"SQLSTATE[HY000]: General error: 2006 MySQL server has gone away"}
[2026-08-09 02:07:02] realtime.ERROR: Query failed {"sql":"SELECT event_id, channel, payload FROM realtime_events WHERE event_id > :since ORDER BY event_id ASC LIMIT 200","code":"HY000","error":"SQLSTATE[HY000]: General error: 2006 MySQL server has gone away"}
[2026-08-09 02:07:02] realtime.ERROR: Realtime dispatch query failed {"error":"SQLSTATE[HY000]: General error: 2006 MySQL server has gone away"}
[2026-08-09 02:07:02] realtime.ERROR: Query failed {"sql":"SELECT event_id, channel, payload FROM realtime_events WHERE event_id > :since ORDER BY event_id ASC LIMIT 200","code":"HY000","error":"SQLSTATE[HY000]: General error: 2006 MySQL server has gone away"}
[2026-08-09 02:07:02] realtime.ERROR: Realtime dispatch query failed {"error":"SQLSTATE[HY000]: General error: 2006 MySQL server has gone away"}
[2026-08-09 02:07:02] realtime.ERROR: Query failed {"sql":"SELECT event_id, channel, payload FROM realtime_events WHERE event_id > :since ORDER BY event_id ASC LIMIT 200","code":"HY000","error":"SQLSTATE[HY000]: General error: 2006 MySQL server has gone away"}
[2026-08-09 02:07:02] realtime.ERROR: Realtime dispatch query failed {"error":"SQLSTATE[HY000]: General error: 2006 MySQL server has gone away"}
[2026-08-09 02:07:02] realtime.ERROR: Query failed {"sql":"SELECT event_id, channel, payload FROM realtime_events WHERE event_id > :since ORDER BY event_id ASC LIMIT 200","code":"HY000","error":"SQLSTATE[HY000]: General error: 2006 MySQL server has gone away"}
[2026-08-09 02:07:02] realtime.ERROR: Realtime dispatch query failed {"error":"SQLSTATE[HY000]: General error: 2006 MySQL server has gone away"}
[2026-08-09 02:07:03] realtime.ERROR: Query failed {"sql":"SELECT event_id, channel, payload FROM realtime_events WHERE event_id > :since ORDER BY event_id ASC LIMIT 200","code":"HY000","error":"SQLSTATE[HY000]: General error: 2006 MySQL server has gone away"}
[2026-08-09 02:07:03] realtime.ERROR: Realtime dispatch query failed {"error":"SQLSTATE[HY000]: General error: 2006 MySQL server has gone away"}
[2026-08-09 02:07:03] realtime.ERROR: Query failed {"sql":"SELECT event_id, channel, payload FROM realtime_events WHERE event_id > :since ORDER BY event_id ASC LIMIT 200","code":"HY000","error":"SQLSTATE[HY000]: General error: 2006 MySQL server has gone away"}
[2026-08-09 02:07:03] realtime.ERROR: Realtime dispatch query failed {"error":"SQLSTATE[HY000]: General error: 2006 MySQL server has gone away"}
[2026-08-09 02:07:03] realtime.ERROR: Query failed {"sql":"SELECT event_id, channel, payload FROM realtime_events WHERE event_id > :since ORDER BY event_id ASC LIMIT 200","code":"HY000","error":"SQLSTATE[HY000]: General error: 2006 MySQL server has gone away"}
[2026-08-09 02:07:03] realtime.ERROR: Realtime dispatch query failed {"error":"SQLSTATE[HY000]: General error: 2006 MySQL server has gone away"}
[2026-08-09 02:07:03] realtime.ERROR: Query failed {"sql":"SELECT event_id, channel, payload FROM realtime_events WHERE event_id > :since ORDER BY event_id ASC LIMIT 200","code":"HY000","error":"SQLSTATE[HY000]: General error: 2006 MySQL server has gone away"}
[2026-08-09 02:07:03] realtime.ERROR: Realtime dispatch query failed {"error":"SQLSTATE[HY000]: General error: 2006 MySQL server has gone away"}
[2026-08-09 02:07:04] realtime.ERROR: Query failed {"sql":"SELECT event_id, channel, payload FROM realtime_events WHERE event_id > :since ORDER BY event_id ASC LIMIT 200","code":"HY000","error":"SQLSTATE[HY000]: General error: 2006 MySQL server has gone away"}
[2026-08-09 02:07:04] realtime.ERROR: Realtime dispatch query failed {"error":"SQLSTATE[HY000]: General error: 2006 MySQL server has gone away"}
[2026-08-09 02:07:04] realtime.ERROR: Query failed {"sql":"SELECT event_id, channel, payload FROM realtime_events WHERE event_id > :since ORDER BY event_id ASC LIMIT 200","code":"HY000","error":"SQLSTATE[HY000]: General error: 2006 MySQL server has gone away"}
[2026-08-09 02:07:04] realtime.ERROR: Realtime dispatch query failed {"error":"SQLSTATE[HY000]: General error: 2006 MySQL server has gone away"}
[2026-08-09 02:07:04] realtime.ERROR: Query failed {"sql":"SELECT event_id, channel, payload FROM realtime_events WHERE event_id > :since ORDER BY event_id ASC LIMIT 200","code":"HY000","error":"SQLSTATE[HY000]: General error: 2006 MySQL server has gone away"}
[2026-08-09 02:07:04] realtime.ERROR: Realtime dispatch query failed {"error":"SQLSTATE[HY000]: General error: 2006 MySQL server has gone away"}
[2026-08-09 02:07:04] realtime.ERROR: Query failed {"sql":"SELECT event_id, channel, payload FROM realtime_events WHERE event_id > :since ORDER BY event_id ASC LIMIT 200","code":"HY000","error":"SQLSTATE[HY000]: General error: 2006 MySQL server has gone away"}
[2026-08-09 02:07:04] realtime.ERROR: Realtime dispatch query failed {"error":"SQLSTATE[HY000]: General error: 2006 MySQL server has gone away"}
[2026-08-09 02:07:05] realtime.ERROR: Query failed {"sql":"SELECT event_id, channel, payload FROM realtime_events WHERE event_id > :since ORDER BY event_id ASC LIMIT 200","code":"HY000","error":"SQLSTATE[HY000]: General error: 2006 MySQL server has gone away"}
[2026-08-09 02:07:05] realtime.ERROR: Realtime dispatch query failed {"error":"SQLSTATE[HY000]: General error: 2006 MySQL server has gone away"}
[2026-08-09 02:07:05] realtime.ERROR: Query failed {"sql":"SELECT event_id, channel, payload FROM realtime_events WHERE event_id > :since ORDER BY event_id ASC LIMIT 200","code":"HY000","error":"SQLSTATE[HY000]: General error: 2006 MySQL server has gone away"}
[2026-08-09 02:07:05] realtime.ERROR: Realtime dispatch query failed {"error":"SQLSTATE[HY000]: General error: 2006 MySQL server has gone away"}
[2026-08-09 02:07:05] realtime.ERROR: Query failed {"sql":"SELECT 1 FROM user_sessions WHERE session_id = :id AND terminated_at IS NULL AND idle_expires_at > NOW()","code":"HY000","error":"SQLSTATE[HY000]: General error: 2006 MySQL server has gone away"}
[2026-08-09 02:07:05] realtime.ERROR: Query failed {"sql":"SELECT event_id, channel, payload FROM realtime_events WHERE event_id > :since ORDER BY event_id ASC LIMIT 200","code":"HY000","error":"SQLSTATE[HY000]: General error: 2006 MySQL server has gone away"}
[2026-08-09 02:07:05] realtime.ERROR: Realtime dispatch query failed {"error":"SQLSTATE[HY000]: General error: 2006 MySQL server has gone away"}
[2026-08-09 02:07:05] realtime.ERROR: Query failed {"sql":"SELECT event_id, channel, payload FROM realtime_events WHERE event_id > :since ORDER BY event_id ASC LIMIT 200","code":"HY000","error":"SQLSTATE[HY000]: General error: 2006 MySQL server has gone away"}
[2026-08-09 02:07:05] realtime.ERROR: Realtime dispatch query failed {"error":"SQLSTATE[HY000]: General error: 2006 MySQL server has gone away"}
[2026-08-09 02:07:06] realtime.ERROR: Query failed {"sql":"SELECT event_id, channel, payload FROM realtime_events WHERE event_id > :since ORDER BY event_id ASC LIMIT 200","code":"HY000","error":"SQLSTATE[HY000]: General error: 2006 MySQL server has gone away"}
[2026-08-09 02:07:06] realtime.ERROR: Realtime dispatch query failed {"error":"SQLSTATE[HY000]: General error: 2006 MySQL server has gone away"}
[2026-08-09 02:07:06] realtime.ERROR: Query failed {"sql":"SELECT event_id, channel, payload FROM realtime_events WHERE event_id > :since ORDER BY event_id ASC LIMIT 200","code":"HY000","error":"SQLSTATE[HY000]: General error: 2006 MySQL server has gone away"}
[2026-08-09 02:07:06] realtime.ERROR: Realtime dispatch query failed {"error":"SQLSTATE[HY000]: General error: 2006 MySQL server has gone away"}
[2026-08-09 02:07:06] realtime.ERROR: Query failed {"sql":"SELECT event_id, channel, payload FROM realtime_events WHERE event_id > :since ORDER BY event_id ASC LIMIT 200","code":"HY000","error":"SQLSTATE[HY000]: General error: 2006 MySQL server has gone away"}
[2026-08-09 02:07:06] realtime.ERROR: Realtime dispatch query failed {"error":"SQLSTATE[HY000]: General error: 2006 MySQL server has gone away"}
[2026-08-09 02:07:07] realtime.ERROR: Query failed {"sql":"SELECT event_id, channel, payload FROM realtime_events WHERE event_id > :since ORDER BY event_id ASC LIMIT 200","code":"HY000","error":"SQLSTATE[HY000]: General error: 2006 MySQL server has gone away"}
[2026-08-09 02:07:07] realtime.ERROR: Realtime dispatch query failed {"error":"SQLSTATE[HY000]: General error: 2006 MySQL server has gone away"}
[2026-08-09 02:07:07] realtime.ERROR: Query failed {"sql":"SELECT event_id, channel, payload FROM realtime_events WHERE event_id > :since ORDER BY event_id ASC LIMIT 200","code":"HY000","error":"SQLSTATE[HY000]: General error: 2006 MySQL server has gone away"}
[2026-08-09 02:07:07] realtime.ERROR: Realtime dispatch query failed {"error":"SQLSTATE[HY000]: General error: 2006 MySQL server has gone away"}
[2026-08-09 02:07:07] realtime.ERROR: Query failed {"sql":"SELECT event_id, channel, payload FROM realtime_events WHERE event_id > :since ORDER BY event_id ASC LIMIT 200","code":"HY000","error":"SQLSTATE[HY000]: General error: 2006 MySQL server has gone away"}
[2026-08-09 02:07:07] realtime.ERROR: Realtime dispatch query failed {"error":"SQLSTATE[HY000]: General error: 2006 MySQL server has gone away"}
[2026-08-09 02:07:07] realtime.ERROR: Query failed {"sql":"SELECT event_id, channel, payload FROM realtime_events WHERE event_id > :since ORDER BY event_id ASC LIMIT 200","code":"HY000","error":"SQLSTATE[HY000]: General error: 2006 MySQL server has gone away"}
[2026-08-09 02:07:07] realtime.ERROR: Realtime dispatch query failed {"error":"SQLSTATE[HY000]: General error: 2006 MySQL server has gone away"}
[2026-08-09 02:07:08] realtime.ERROR: Query failed {"sql":"SELECT event_id, channel, payload FROM realtime_events WHERE event_id > :since ORDER BY event_id ASC LIMIT 200","code":"HY000","error":"SQLSTATE[HY000]: General error: 2006 MySQL server has gone away"}
[2026-08-09 02:07:08] realtime.ERROR: Realtime dispatch query failed {"error":"SQLSTATE[HY000]: General error: 2006 MySQL server has gone away"}
[2026-08-09 02:07:08] realtime.ERROR: Query failed {"sql":"SELECT event_id, channel, payload FROM realtime_events WHERE event_id > :since ORDER BY event_id ASC LIMIT 200","code":"HY000","error":"SQLSTATE[HY000]: General error: 2006 MySQL server has gone away"}
[2026-08-09 02:07:08] realtime.ERROR: Realtime dispatch query failed {"error":"SQLSTATE[HY000]: General error: 2006 MySQL server has gone away"}
[2026-08-09 02:07:08] realtime.ERROR: Query failed {"sql":"SELECT COALESCE(MAX(event_id), 0) FROM realtime_events","code":"HY000","error":"SQLSTATE[HY000]: General error: 2006 MySQL server has gone away"}
[2026-08-09 02:07:09] realtime.ERROR: SQLSTATE[HY000]: General error: 2006 MySQL server has gone away {"path":"/","method":"GET","ip":"0.0.0.0","user":null,"exception":"PDOException","file":"C:\\L-SIAMS-main\\app\\Core\\Database.php","line":152,"trace":["#0 C:\\L-SIAMS-main\\app\\Core\\Database.php(152): PDO->prepare('SELECT COALESCE...')","#1 C:\\L-SIAMS-main\\app\\Core\\Database.php(292): App\\Core\\Database->query('SELECT COALESCE...', Array)","#2 C:\\L-SIAMS-main\\realtime\\server.php(410): App\\Core\\Database->scalar('SELECT COALESCE...')","#3 C:\\L-SIAMS-main\\realtime\\server.php(113): WebSocketServer->dispatchEvents()","#4 C:\\L-SIAMS-main\\realtime\\server.php(645): WebSocketServer->run()","#5 {main}"]}
